[INFO] Scanning for projects...
[INFO] 
[INFO] -------------------< edu.ifam.dra.greeting:greeting >-------------------
[INFO] Building greeting 0.0.1-SNAPSHOT
[INFO] --------------------------------[ jar ]---------------------------------
[INFO] 
[INFO] --- maven-clean-plugin:3.3.2:clean (default-clean) @ greeting ---
[INFO] Deleting D:\jmarinho\Projetos\mygreeting\target
[INFO] 
[INFO] --- maven-resources-plugin:3.3.1:resources (default-resources) @ greeting ---
[INFO] Copying 1 resource from src\main\resources to target\classes
[INFO] Copying 0 resource from src\main\resources to target\classes
[INFO] 
[INFO] --- maven-compiler-plugin:3.13.0:compile (default-compile) @ greeting ---
[INFO] Recompiling the module because of changed source code.
[INFO] Compiling 3 source files with javac [debug parameters release 17] to target\classes
[INFO] ------------------------------------------------------------------------
[INFO] BUILD SUCCESS
[INFO] ------------------------------------------------------------------------
[INFO] Total time:  1.581 s
[INFO] Finished at: 2026-03-24T16:34:07-04:00
[INFO] ------------------------------------------------------------------------
